// Jest Snapshot v1, https://goo.gl/fbAQLP

exports[`matches snapshot 1`] = `
Object {
  "asFragment": [Function],
  "baseElement": <body>
    <div>
      <div
        class="StyledBox-sc-13pk1d4-0 gdpmPp"
        style="display: none;"
      >
        <a
          class="StyledAnchor-sc-1rp7lwl-0 eLKqZF"
          href="/"
        >
          <span
            class="StyledBox-sc-13pk1d4-0 dfYOnT"
            style="display: inline-flex;"
          >
            <div
              class="StyledStack-ajspsk-0 fDjhAR"
            >
              <div
                class="StyledStack__StyledStackLayer-ajspsk-1 jeVJjk"
              >
                <div
                  class="StyledBox-sc-13pk1d4-0 eLDbjY"
                />
              </div>
              <div
                class="StyledStack__StyledStackLayer-ajspsk-1 bnpxHo"
              >
                <div
                  class="StyledBox-sc-13pk1d4-0 dGGBRs"
                >
                  <img
                    alt="logo:accessibilityLabel"
                    src="logo.svg"
                  />
                </div>
              </div>
            </div>
            <span
              class="StyledBox__StyledBoxGap-sc-13pk1d4-1 hjorfk"
            />
            <span
              class="StyledText-sc-1sadyjn-0 eLOxHb"
            >
              navHeader:brandName
            </span>
          </span>
        </a>
      </div>
      <div
        class="StyledBox-sc-13pk1d4-0 cikgzp"
        style="display: none;"
      >
        <div
          class="StyledBox-sc-13pk1d4-0 bEnuwL"
        >
          <h1
            class="StyledHeading-sc-1rdh4aw-0 ismVvM"
          >
            hero:heading
          </h1>
        </div>
        <p
          class="StyledParagraph-tbetod-0 eyLdxA"
        >
          Get beta access to one of the newest social media out there and connect with your peers around the world with
          <b>
            Singles
          </b>
        </p>
      </div>
      <div
        class="StyledBox-sc-13pk1d4-0 dYebPD"
        style="display: none;"
      >
        <div
          class="StyledBox-sc-13pk1d4-0 cjAwSC"
        >
          <div
            class="StyledBox-sc-13pk1d4-0 bXRCHS"
          >
            <div
              class="StyledBox-sc-13pk1d4-0 jntfQf"
            >
              <span
                style="font-size: 128px;"
              >
                <span
                  class="undefined"
                >
                  <img
                    alt="💬"
                    src="http://cdn.jsdelivr.net/emojione/assets/4.0/png/128/1f4ac.png"
                    style="width: 1em; height: 1em; margin: 0px .05em 0px .1em; vertical-align: -0.1em;"
                  />
                </span>
              </span>
            </div>
            <p
              class="StyledParagraph-tbetod-0 fNpWwn"
            >
              features:chatSummary
            </p>
            <div
              class="StyledBox-sc-13pk1d4-0 dvIeIL"
            >
              <a
                class="StyledAnchor-sc-1rp7lwl-0 lcrrzR"
                href="/"
              >
                features:chatAction
              </a>
            </div>
          </div>
          <div
            class="StyledBox-sc-13pk1d4-0 bXRCHS"
          >
            <div
              class="StyledBox-sc-13pk1d4-0 jntfQf"
            >
              <span
                class="sc-gsTCUz hbZxPK"
                style="font-size: 128px;"
              >
                <span
                  class="undefined"
                >
                  <img
                    alt="👍"
                    src="http://cdn.jsdelivr.net/emojione/assets/4.0/png/128/1f44d.png"
                    style="width: 1em; height: 1em; margin: 0px .05em 0px .1em; vertical-align: -0.1em;"
                  />
                </span>
              </span>
              <span
                style="font-size: 128px;"
              >
                <span
                  class="undefined"
                >
                  <img
                    alt="👎"
                    src="http://cdn.jsdelivr.net/emojione/assets/4.0/png/128/1f44e.png"
                    style="width: 1em; height: 1em; margin: 0px .05em 0px .1em; vertical-align: -0.1em;"
                  />
                </span>
              </span>
            </div>
            <p
              class="StyledParagraph-tbetod-0 fNpWwn"
            >
              features:ratingSummary
            </p>
            <div
              class="StyledBox-sc-13pk1d4-0 dvIeIL"
            >
              <a
                class="StyledAnchor-sc-1rp7lwl-0 lcrrzR"
                href="/"
              >
                features:ratingAction
              </a>
            </div>
          </div>
          <div
            class="StyledBox-sc-13pk1d4-0 bXRCHS"
          >
            <div
              class="StyledBox-sc-13pk1d4-0 jntfQf"
            >
              <span
                style="font-size: 128px;"
              >
                <span
                  class="undefined"
                >
                  <img
                    alt="👩‍👧‍👦"
                    src="http://cdn.jsdelivr.net/emojione/assets/4.0/png/128/1f469-1f467-1f466.png"
                    style="width: 1em; height: 1em; margin: 0px .05em 0px .1em; vertical-align: -0.1em;"
                  />
                </span>
              </span>
            </div>
            <p
              class="StyledParagraph-tbetod-0 fNpWwn"
            >
              features:postSummary
            </p>
            <div
              class="StyledBox-sc-13pk1d4-0 dvIeIL"
            >
              <a
                class="StyledAnchor-sc-1rp7lwl-0 lcrrzR"
                href="/"
              >
                features:postAction
              </a>
            </div>
          </div>
        </div>
      </div>
      <div
        class="StyledBox-sc-13pk1d4-0 dYebPD"
        style="display: none;"
      >
        <div
          class="StyledBox-sc-13pk1d4-0 cikgzp"
        >
          <h1
            class="StyledHeading-sc-1rdh4aw-0 kXorXv"
          >
            joinUs:title
          </h1>
          <p
            class="StyledParagraph-tbetod-0 cIOtzH"
          >
            joinUs:primarySummary
          </p>
          <p
            class="StyledParagraph-tbetod-0 fNpWwn"
          >
            joinUs:secondarySummary
          </p>
          <div
            class="StyledBox-sc-13pk1d4-0 dYebPD"
          >
            <span
              style="font-size: 128px;"
            >
              <span
                class="undefined"
              >
                <img
                  alt="😉"
                  src="http://cdn.jsdelivr.net/emojione/assets/4.0/png/128/1f609.png"
                  style="width: 1em; height: 1em; margin: 0px .05em 0px .1em; vertical-align: -0.1em;"
                />
              </span>
            </span>
          </div>
        </div>
      </div>
      <div
        aria-busy="true"
        class=""
      >
        <svg
          aria-label="audio-loading"
          height="80"
          version="1.1"
          width="80"
          x="0px"
          xmlns="http://www.w3.org/2000/svg"
          y="0px"
        >
          <circle
            cx="50"
            cy="50"
            fill="none"
            r="44"
            stroke="green"
            stroke-width="4"
            style="opacity: 0.5;"
          />
          <circle
            cx="8"
            cy="54"
            fill="green"
            r="6"
            stroke="green"
            stroke-width="3"
          >
            <animatetransform
              attributeName="transform"
              dur="2s"
              from="0 50 48"
              repeatCount="indefinite"
              to="360 50 52"
              type="rotate"
            />
          </circle>
        </svg>
      </div>
    </div>
  </body>,
  "container": <div>
    <div
      class="StyledBox-sc-13pk1d4-0 gdpmPp"
      style="display: none;"
    >
      <a
        class="StyledAnchor-sc-1rp7lwl-0 eLKqZF"
        href="/"
      >
        <span
          class="StyledBox-sc-13pk1d4-0 dfYOnT"
          style="display: inline-flex;"
        >
          <div
            class="StyledStack-ajspsk-0 fDjhAR"
          >
            <div
              class="StyledStack__StyledStackLayer-ajspsk-1 jeVJjk"
            >
              <div
                class="StyledBox-sc-13pk1d4-0 eLDbjY"
              />
            </div>
            <div
              class="StyledStack__StyledStackLayer-ajspsk-1 bnpxHo"
            >
              <div
                class="StyledBox-sc-13pk1d4-0 dGGBRs"
              >
                <img
                  alt="logo:accessibilityLabel"
                  src="logo.svg"
                />
              </div>
            </div>
          </div>
          <span
            class="StyledBox__StyledBoxGap-sc-13pk1d4-1 hjorfk"
          />
          <span
            class="StyledText-sc-1sadyjn-0 eLOxHb"
          >
            navHeader:brandName
          </span>
        </span>
      </a>
    </div>
    <div
      class="StyledBox-sc-13pk1d4-0 cikgzp"
      style="display: none;"
    >
      <div
        class="StyledBox-sc-13pk1d4-0 bEnuwL"
      >
        <h1
          class="StyledHeading-sc-1rdh4aw-0 ismVvM"
        >
          hero:heading
        </h1>
      </div>
      <p
        class="StyledParagraph-tbetod-0 eyLdxA"
      >
        Get beta access to one of the newest social media out there and connect with your peers around the world with
        <b>
          Singles
        </b>
      </p>
    </div>
    <div
      class="StyledBox-sc-13pk1d4-0 dYebPD"
      style="display: none;"
    >
      <div
        class="StyledBox-sc-13pk1d4-0 cjAwSC"
      >
        <div
          class="StyledBox-sc-13pk1d4-0 bXRCHS"
        >
          <div
            class="StyledBox-sc-13pk1d4-0 jntfQf"
          >
            <span
              style="font-size: 128px;"
            >
              <span
                class="undefined"
              >
                <img
                  alt="💬"
                  src="http://cdn.jsdelivr.net/emojione/assets/4.0/png/128/1f4ac.png"
                  style="width: 1em; height: 1em; margin: 0px .05em 0px .1em; vertical-align: -0.1em;"
                />
              </span>
            </span>
          </div>
          <p
            class="StyledParagraph-tbetod-0 fNpWwn"
          >
            features:chatSummary
          </p>
          <div
            class="StyledBox-sc-13pk1d4-0 dvIeIL"
          >
            <a
              class="StyledAnchor-sc-1rp7lwl-0 lcrrzR"
              href="/"
            >
              features:chatAction
            </a>
          </div>
        </div>
        <div
          class="StyledBox-sc-13pk1d4-0 bXRCHS"
        >
          <div
            class="StyledBox-sc-13pk1d4-0 jntfQf"
          >
            <span
              class="sc-gsTCUz hbZxPK"
              style="font-size: 128px;"
            >
              <span
                class="undefined"
              >
                <img
                  alt="👍"
                  src="http://cdn.jsdelivr.net/emojione/assets/4.0/png/128/1f44d.png"
                  style="width: 1em; height: 1em; margin: 0px .05em 0px .1em; vertical-align: -0.1em;"
                />
              </span>
            </span>
            <span
              style="font-size: 128px;"
            >
              <span
                class="undefined"
              >
                <img
                  alt="👎"
                  src="http://cdn.jsdelivr.net/emojione/assets/4.0/png/128/1f44e.png"
                  style="width: 1em; height: 1em; margin: 0px .05em 0px .1em; vertical-align: -0.1em;"
                />
              </span>
            </span>
          </div>
          <p
            class="StyledParagraph-tbetod-0 fNpWwn"
          >
            features:ratingSummary
          </p>
          <div
            class="StyledBox-sc-13pk1d4-0 dvIeIL"
          >
            <a
              class="StyledAnchor-sc-1rp7lwl-0 lcrrzR"
              href="/"
            >
              features:ratingAction
            </a>
          </div>
        </div>
        <div
          class="StyledBox-sc-13pk1d4-0 bXRCHS"
        >
          <div
            class="StyledBox-sc-13pk1d4-0 jntfQf"
          >
            <span
              style="font-size: 128px;"
            >
              <span
                class="undefined"
              >
                <img
                  alt="👩‍👧‍👦"
                  src="http://cdn.jsdelivr.net/emojione/assets/4.0/png/128/1f469-1f467-1f466.png"
                  style="width: 1em; height: 1em; margin: 0px .05em 0px .1em; vertical-align: -0.1em;"
                />
              </span>
            </span>
          </div>
          <p
            class="StyledParagraph-tbetod-0 fNpWwn"
          >
            features:postSummary
          </p>
          <div
            class="StyledBox-sc-13pk1d4-0 dvIeIL"
          >
            <a
              class="StyledAnchor-sc-1rp7lwl-0 lcrrzR"
              href="/"
            >
              features:postAction
            </a>
          </div>
        </div>
      </div>
    </div>
    <div
      class="StyledBox-sc-13pk1d4-0 dYebPD"
      style="display: none;"
    >
      <div
        class="StyledBox-sc-13pk1d4-0 cikgzp"
      >
        <h1
          class="StyledHeading-sc-1rdh4aw-0 kXorXv"
        >
          joinUs:title
        </h1>
        <p
          class="StyledParagraph-tbetod-0 cIOtzH"
        >
          joinUs:primarySummary
        </p>
        <p
          class="StyledParagraph-tbetod-0 fNpWwn"
        >
          joinUs:secondarySummary
        </p>
        <div
          class="StyledBox-sc-13pk1d4-0 dYebPD"
        >
          <span
            style="font-size: 128px;"
          >
            <span
              class="undefined"
            >
              <img
                alt="😉"
                src="http://cdn.jsdelivr.net/emojione/assets/4.0/png/128/1f609.png"
                style="width: 1em; height: 1em; margin: 0px .05em 0px .1em; vertical-align: -0.1em;"
              />
            </span>
          </span>
        </div>
      </div>
    </div>
    <div
      aria-busy="true"
      class=""
    >
      <svg
        aria-label="audio-loading"
        height="80"
        version="1.1"
        width="80"
        x="0px"
        xmlns="http://www.w3.org/2000/svg"
        y="0px"
      >
        <circle
          cx="50"
          cy="50"
          fill="none"
          r="44"
          stroke="green"
          stroke-width="4"
          style="opacity: 0.5;"
        />
        <circle
          cx="8"
          cy="54"
          fill="green"
          r="6"
          stroke="green"
          stroke-width="3"
        >
          <animatetransform
            attributeName="transform"
            dur="2s"
            from="0 50 48"
            repeatCount="indefinite"
            to="360 50 52"
            type="rotate"
          />
        </circle>
      </svg>
    </div>
  </div>,
  "debug": [Function],
  "findAllByAltText": [Function],
  "findAllByDisplayValue": [Function],
  "findAllByLabelText": [Function],
  "findAllByPlaceholderText": [Function],
  "findAllByRole": [Function],
  "findAllByTestId": [Function],
  "findAllByText": [Function],
  "findAllByTitle": [Function],
  "findByAltText": [Function],
  "findByDisplayValue": [Function],
  "findByLabelText": [Function],
  "findByPlaceholderText": [Function],
  "findByRole": [Function],
  "findByTestId": [Function],
  "findByText": [Function],
  "findByTitle": [Function],
  "getAllByAltText": [Function],
  "getAllByDisplayValue": [Function],
  "getAllByLabelText": [Function],
  "getAllByPlaceholderText": [Function],
  "getAllByRole": [Function],
  "getAllByTestId": [Function],
  "getAllByText": [Function],
  "getAllByTitle": [Function],
  "getByAltText": [Function],
  "getByDisplayValue": [Function],
  "getByLabelText": [Function],
  "getByPlaceholderText": [Function],
  "getByRole": [Function],
  "getByTestId": [Function],
  "getByText": [Function],
  "getByTitle": [Function],
  "queryAllByAltText": [Function],
  "queryAllByDisplayValue": [Function],
  "queryAllByLabelText": [Function],
  "queryAllByPlaceholderText": [Function],
  "queryAllByRole": [Function],
  "queryAllByTestId": [Function],
  "queryAllByText": [Function],
  "queryAllByTitle": [Function],
  "queryByAltText": [Function],
  "queryByDisplayValue": [Function],
  "queryByLabelText": [Function],
  "queryByPlaceholderText": [Function],
  "queryByRole": [Function],
  "queryByTestId": [Function],
  "queryByText": [Function],
  "queryByTitle": [Function],
  "rerender": [Function],
  "unmount": [Function],
}
`;
