// Jest Snapshot v1, https://goo.gl/fbAQLP

exports[`matches snapshot 1`] = `
Object {
  "asFragment": [Function],
  "baseElement": <body>
    <div>
      <div
        class="ant-divider ant-divider-horizontal ant-divider-with-text ant-divider-with-text-center ant-divider-plain"
        role="separator"
      >
        <span
          class="ant-divider-inner-text"
        >
          sectionTitle
        </span>
      </div>
      <div
        class="ant-row ant-row-space-around ant-row-middle"
        style="margin: -12px -8px 12px -8px;"
      >
        <div
          class="ant-col oauth-button ant-col-xs-24 ant-col-xl-8"
          style="padding: 12px 8px 12px 8px;"
        >
          <div
            class="sc-bdnylx kMwTOS"
          >
            <button
              class="ant-btn ant-btn-primary"
              type="button"
            >
              <span
                aria-label="google-circle"
                class="anticon anticon-google-circle"
                role="img"
              >
                <svg
                  aria-hidden="true"
                  class=""
                  data-icon="google-circle"
                  fill="currentColor"
                  focusable="false"
                  height="1em"
                  viewBox="64 64 896 896"
                  width="1em"
                >
                  <path
                    d="M512 64C264.6 64 64 264.6 64 512s200.6 448 448 448 448-200.6 448-448S759.4 64 512 64zm167 633.6C638.4 735 583 757 516.9 757c-95.7 0-178.5-54.9-218.8-134.9C281.5 589 272 551.6 272 512s9.5-77 26.1-110.1c40.3-80.1 123.1-135 218.8-135 66 0 121.4 24.3 163.9 63.8L610.6 401c-25.4-24.3-57.7-36.6-93.6-36.6-63.8 0-117.8 43.1-137.1 101-4.9 14.7-7.7 30.4-7.7 46.6s2.8 31.9 7.7 46.6c19.3 57.9 73.3 101 137 101 33 0 61-8.7 82.9-23.4 26-17.4 43.2-43.3 48.9-74H516.9v-94.8h230.7c2.9 16.1 4.4 32.8 4.4 50.1 0 74.7-26.7 137.4-73 180.1z"
                  />
                </svg>
              </span>
              <span>
                Google
              </span>
            </button>
          </div>
        </div>
        <div
          class="ant-col oauth-button ant-col-xs-24 ant-col-xl-8"
          style="padding: 12px 8px 12px 8px;"
        >
          <div
            class="sc-bdnylx kMwTOS"
          >
            <button
              class="ant-btn ant-btn-primary"
              type="button"
            >
              <span
                aria-label="facebook"
                class="anticon anticon-facebook"
                role="img"
              >
                <svg
                  aria-hidden="true"
                  class=""
                  data-icon="facebook"
                  fill="currentColor"
                  focusable="false"
                  height="1em"
                  viewBox="64 64 896 896"
                  width="1em"
                >
                  <path
                    d="M880 112H144c-17.7 0-32 14.3-32 32v736c0 17.7 14.3 32 32 32h736c17.7 0 32-14.3 32-32V144c0-17.7-14.3-32-32-32zm-92.4 233.5h-63.9c-50.1 0-59.8 23.8-59.8 58.8v77.1h119.6l-15.6 120.7h-104V912H539.2V602.2H434.9V481.4h104.3v-89c0-103.3 63.1-159.6 155.3-159.6 44.2 0 82.1 3.3 93.2 4.8v107.9z"
                  />
                </svg>
              </span>
              <span>
                Facebook
              </span>
            </button>
          </div>
        </div>
        <div
          class="ant-col oauth-button ant-col-xs-24 ant-col-xl-8"
          style="padding: 12px 8px 12px 8px;"
        >
          <div
            class="sc-bdnylx kMwTOS"
          >
            <button
              class="ant-btn ant-btn-primary"
              type="button"
            >
              <span
                aria-label="twitter-circle"
                class="anticon anticon-twitter-circle"
                role="img"
              >
                <svg
                  aria-hidden="true"
                  class=""
                  data-icon="twitter-circle"
                  fill="currentColor"
                  focusable="false"
                  height="1em"
                  viewBox="64 64 896 896"
                  width="1em"
                >
                  <path
                    d="M512 64C264.6 64 64 264.6 64 512s200.6 448 448 448 448-200.6 448-448S759.4 64 512 64zm215.3 337.7c.3 4.7.3 9.6.3 14.4 0 146.8-111.8 315.9-316.1 315.9-63 0-121.4-18.3-170.6-49.8 9 1 17.6 1.4 26.8 1.4 52 0 99.8-17.6 137.9-47.4-48.8-1-89.8-33-103.8-77 17.1 2.5 32.5 2.5 50.1-2a111 111 0 01-88.9-109v-1.4c14.7 8.3 32 13.4 50.1 14.1a111.13 111.13 0 01-49.5-92.4c0-20.7 5.4-39.6 15.1-56a315.28 315.28 0 00229 116.1C492 353.1 548.4 292 616.2 292c32 0 60.8 13.4 81.1 35 25.1-4.7 49.1-14.1 70.5-26.7-8.3 25.7-25.7 47.4-48.8 61.1 22.4-2.4 44-8.6 64-17.3-15.1 22.2-34 41.9-55.7 57.6z"
                  />
                </svg>
              </span>
              <span>
                Twitter
              </span>
            </button>
          </div>
        </div>
      </div>
    </div>
  </body>,
  "container": <div>
    <div
      class="ant-divider ant-divider-horizontal ant-divider-with-text ant-divider-with-text-center ant-divider-plain"
      role="separator"
    >
      <span
        class="ant-divider-inner-text"
      >
        sectionTitle
      </span>
    </div>
    <div
      class="ant-row ant-row-space-around ant-row-middle"
      style="margin: -12px -8px 12px -8px;"
    >
      <div
        class="ant-col oauth-button ant-col-xs-24 ant-col-xl-8"
        style="padding: 12px 8px 12px 8px;"
      >
        <div
          class="sc-bdnylx kMwTOS"
        >
          <button
            class="ant-btn ant-btn-primary"
            type="button"
          >
            <span
              aria-label="google-circle"
              class="anticon anticon-google-circle"
              role="img"
            >
              <svg
                aria-hidden="true"
                class=""
                data-icon="google-circle"
                fill="currentColor"
                focusable="false"
                height="1em"
                viewBox="64 64 896 896"
                width="1em"
              >
                <path
                  d="M512 64C264.6 64 64 264.6 64 512s200.6 448 448 448 448-200.6 448-448S759.4 64 512 64zm167 633.6C638.4 735 583 757 516.9 757c-95.7 0-178.5-54.9-218.8-134.9C281.5 589 272 551.6 272 512s9.5-77 26.1-110.1c40.3-80.1 123.1-135 218.8-135 66 0 121.4 24.3 163.9 63.8L610.6 401c-25.4-24.3-57.7-36.6-93.6-36.6-63.8 0-117.8 43.1-137.1 101-4.9 14.7-7.7 30.4-7.7 46.6s2.8 31.9 7.7 46.6c19.3 57.9 73.3 101 137 101 33 0 61-8.7 82.9-23.4 26-17.4 43.2-43.3 48.9-74H516.9v-94.8h230.7c2.9 16.1 4.4 32.8 4.4 50.1 0 74.7-26.7 137.4-73 180.1z"
                />
              </svg>
            </span>
            <span>
              Google
            </span>
          </button>
        </div>
      </div>
      <div
        class="ant-col oauth-button ant-col-xs-24 ant-col-xl-8"
        style="padding: 12px 8px 12px 8px;"
      >
        <div
          class="sc-bdnylx kMwTOS"
        >
          <button
            class="ant-btn ant-btn-primary"
            type="button"
          >
            <span
              aria-label="facebook"
              class="anticon anticon-facebook"
              role="img"
            >
              <svg
                aria-hidden="true"
                class=""
                data-icon="facebook"
                fill="currentColor"
                focusable="false"
                height="1em"
                viewBox="64 64 896 896"
                width="1em"
              >
                <path
                  d="M880 112H144c-17.7 0-32 14.3-32 32v736c0 17.7 14.3 32 32 32h736c17.7 0 32-14.3 32-32V144c0-17.7-14.3-32-32-32zm-92.4 233.5h-63.9c-50.1 0-59.8 23.8-59.8 58.8v77.1h119.6l-15.6 120.7h-104V912H539.2V602.2H434.9V481.4h104.3v-89c0-103.3 63.1-159.6 155.3-159.6 44.2 0 82.1 3.3 93.2 4.8v107.9z"
                />
              </svg>
            </span>
            <span>
              Facebook
            </span>
          </button>
        </div>
      </div>
      <div
        class="ant-col oauth-button ant-col-xs-24 ant-col-xl-8"
        style="padding: 12px 8px 12px 8px;"
      >
        <div
          class="sc-bdnylx kMwTOS"
        >
          <button
            class="ant-btn ant-btn-primary"
            type="button"
          >
            <span
              aria-label="twitter-circle"
              class="anticon anticon-twitter-circle"
              role="img"
            >
              <svg
                aria-hidden="true"
                class=""
                data-icon="twitter-circle"
                fill="currentColor"
                focusable="false"
                height="1em"
                viewBox="64 64 896 896"
                width="1em"
              >
                <path
                  d="M512 64C264.6 64 64 264.6 64 512s200.6 448 448 448 448-200.6 448-448S759.4 64 512 64zm215.3 337.7c.3 4.7.3 9.6.3 14.4 0 146.8-111.8 315.9-316.1 315.9-63 0-121.4-18.3-170.6-49.8 9 1 17.6 1.4 26.8 1.4 52 0 99.8-17.6 137.9-47.4-48.8-1-89.8-33-103.8-77 17.1 2.5 32.5 2.5 50.1-2a111 111 0 01-88.9-109v-1.4c14.7 8.3 32 13.4 50.1 14.1a111.13 111.13 0 01-49.5-92.4c0-20.7 5.4-39.6 15.1-56a315.28 315.28 0 00229 116.1C492 353.1 548.4 292 616.2 292c32 0 60.8 13.4 81.1 35 25.1-4.7 49.1-14.1 70.5-26.7-8.3 25.7-25.7 47.4-48.8 61.1 22.4-2.4 44-8.6 64-17.3-15.1 22.2-34 41.9-55.7 57.6z"
                />
              </svg>
            </span>
            <span>
              Twitter
            </span>
          </button>
        </div>
      </div>
    </div>
  </div>,
  "debug": [Function],
  "findAllByAltText": [Function],
  "findAllByDisplayValue": [Function],
  "findAllByLabelText": [Function],
  "findAllByPlaceholderText": [Function],
  "findAllByRole": [Function],
  "findAllByTestId": [Function],
  "findAllByText": [Function],
  "findAllByTitle": [Function],
  "findByAltText": [Function],
  "findByDisplayValue": [Function],
  "findByLabelText": [Function],
  "findByPlaceholderText": [Function],
  "findByRole": [Function],
  "findByTestId": [Function],
  "findByText": [Function],
  "findByTitle": [Function],
  "getAllByAltText": [Function],
  "getAllByDisplayValue": [Function],
  "getAllByLabelText": [Function],
  "getAllByPlaceholderText": [Function],
  "getAllByRole": [Function],
  "getAllByTestId": [Function],
  "getAllByText": [Function],
  "getAllByTitle": [Function],
  "getByAltText": [Function],
  "getByDisplayValue": [Function],
  "getByLabelText": [Function],
  "getByPlaceholderText": [Function],
  "getByRole": [Function],
  "getByTestId": [Function],
  "getByText": [Function],
  "getByTitle": [Function],
  "queryAllByAltText": [Function],
  "queryAllByDisplayValue": [Function],
  "queryAllByLabelText": [Function],
  "queryAllByPlaceholderText": [Function],
  "queryAllByRole": [Function],
  "queryAllByTestId": [Function],
  "queryAllByText": [Function],
  "queryAllByTitle": [Function],
  "queryByAltText": [Function],
  "queryByDisplayValue": [Function],
  "queryByLabelText": [Function],
  "queryByPlaceholderText": [Function],
  "queryByRole": [Function],
  "queryByTestId": [Function],
  "queryByText": [Function],
  "queryByTitle": [Function],
  "rerender": [Function],
  "unmount": [Function],
}
`;
