// Jest Snapshot v1, https://goo.gl/fbAQLP

exports[`matches snapshot 1`] = `
Object {
  "asFragment": [Function],
  "baseElement": <body>
    <div>
      <div
        class="StyledBox-sc-13pk1d4-0 gljNXM"
      >
        <div
          class="StyledBox-sc-13pk1d4-0 bXnNfl"
        >
          <div
            class="StyledTextInput__StyledTextInputContainer-sc-1x30a0s-1 flNVco"
          >
            <div
              class="StyledTextInput__StyledPlaceholder-sc-1x30a0s-2 hIRoSf"
            >
              <span
                class="StyledText-sc-1sadyjn-0 faTntD"
              >
                registerBeta:emailPlaceholder
              </span>
            </div>
            <input
              autocomplete="off"
              class="StyledTextInput-sc-1x30a0s-0 ishQAc"
              value=""
            />
          </div>
        </div>
        <button
          class="StyledButton-sc-323bzc-0 kUDdtj"
          type="button"
        >
          <div
            class="StyledBox-sc-13pk1d4-0 Szkkv"
          >
            <span
              class="StyledText-sc-1sadyjn-0 cmOUuj"
            >
              registerBeta:applyButton
            </span>
          </div>
        </button>
      </div>
    </div>
  </body>,
  "container": <div>
    <div
      class="StyledBox-sc-13pk1d4-0 gljNXM"
    >
      <div
        class="StyledBox-sc-13pk1d4-0 bXnNfl"
      >
        <div
          class="StyledTextInput__StyledTextInputContainer-sc-1x30a0s-1 flNVco"
        >
          <div
            class="StyledTextInput__StyledPlaceholder-sc-1x30a0s-2 hIRoSf"
          >
            <span
              class="StyledText-sc-1sadyjn-0 faTntD"
            >
              registerBeta:emailPlaceholder
            </span>
          </div>
          <input
            autocomplete="off"
            class="StyledTextInput-sc-1x30a0s-0 ishQAc"
            value=""
          />
        </div>
      </div>
      <button
        class="StyledButton-sc-323bzc-0 kUDdtj"
        type="button"
      >
        <div
          class="StyledBox-sc-13pk1d4-0 Szkkv"
        >
          <span
            class="StyledText-sc-1sadyjn-0 cmOUuj"
          >
            registerBeta:applyButton
          </span>
        </div>
      </button>
    </div>
  </div>,
  "debug": [Function],
  "findAllByAltText": [Function],
  "findAllByDisplayValue": [Function],
  "findAllByLabelText": [Function],
  "findAllByPlaceholderText": [Function],
  "findAllByRole": [Function],
  "findAllByTestId": [Function],
  "findAllByText": [Function],
  "findAllByTitle": [Function],
  "findByAltText": [Function],
  "findByDisplayValue": [Function],
  "findByLabelText": [Function],
  "findByPlaceholderText": [Function],
  "findByRole": [Function],
  "findByTestId": [Function],
  "findByText": [Function],
  "findByTitle": [Function],
  "getAllByAltText": [Function],
  "getAllByDisplayValue": [Function],
  "getAllByLabelText": [Function],
  "getAllByPlaceholderText": [Function],
  "getAllByRole": [Function],
  "getAllByTestId": [Function],
  "getAllByText": [Function],
  "getAllByTitle": [Function],
  "getByAltText": [Function],
  "getByDisplayValue": [Function],
  "getByLabelText": [Function],
  "getByPlaceholderText": [Function],
  "getByRole": [Function],
  "getByTestId": [Function],
  "getByText": [Function],
  "getByTitle": [Function],
  "queryAllByAltText": [Function],
  "queryAllByDisplayValue": [Function],
  "queryAllByLabelText": [Function],
  "queryAllByPlaceholderText": [Function],
  "queryAllByRole": [Function],
  "queryAllByTestId": [Function],
  "queryAllByText": [Function],
  "queryAllByTitle": [Function],
  "queryByAltText": [Function],
  "queryByDisplayValue": [Function],
  "queryByLabelText": [Function],
  "queryByPlaceholderText": [Function],
  "queryByRole": [Function],
  "queryByTestId": [Function],
  "queryByText": [Function],
  "queryByTitle": [Function],
  "rerender": [Function],
  "unmount": [Function],
}
`;
