// Jest Snapshot v1, https://goo.gl/fbAQLP

exports[`matches snapshot 1`] = `
Object {
  "asFragment": [Function],
  "baseElement": <body>
    <div>
      <main
        class="StyledBox-sc-13pk1d4-0 emVEPy"
      >
        <div
          class="StyledBox-sc-13pk1d4-0 dSTygu"
        >
          <div
            class="StyledBox-sc-13pk1d4-0 bzOKJH"
            style="font-size: 10vw;"
          >
            <img
              aria-label="notFound:illustrationAccessibilityLabel"
              class="StyledImage-ey4zx9-0 dfToQT"
              src="page-not-found.svg"
              style="width: 100%; height: 100%;"
            />
          </div>
          <div
            class="StyledBox__StyledBoxGap-sc-13pk1d4-1 hleNBA"
          />
          <div
            class="StyledBox-sc-13pk1d4-0 gAsOLC"
          >
            <h3
              class="StyledHeading-sc-1rdh4aw-0 hBHJOo"
            >
              notFound:description
            </h3>
            <div
              class="StyledBox__StyledBoxGap-sc-13pk1d4-1 eaIbGj"
            />
            <div
              class="StyledBox-sc-13pk1d4-0 daweyS"
            >
              <a
                href="/home"
              >
                <button
                  class="StyledButton-sc-323bzc-0 eVPMSD"
                  type="button"
                >
                  notFound:buttonLabel
                </button>
              </a>
            </div>
          </div>
        </div>
      </main>
    </div>
  </body>,
  "container": <div>
    <main
      class="StyledBox-sc-13pk1d4-0 emVEPy"
    >
      <div
        class="StyledBox-sc-13pk1d4-0 dSTygu"
      >
        <div
          class="StyledBox-sc-13pk1d4-0 bzOKJH"
          style="font-size: 10vw;"
        >
          <img
            aria-label="notFound:illustrationAccessibilityLabel"
            class="StyledImage-ey4zx9-0 dfToQT"
            src="page-not-found.svg"
            style="width: 100%; height: 100%;"
          />
        </div>
        <div
          class="StyledBox__StyledBoxGap-sc-13pk1d4-1 hleNBA"
        />
        <div
          class="StyledBox-sc-13pk1d4-0 gAsOLC"
        >
          <h3
            class="StyledHeading-sc-1rdh4aw-0 hBHJOo"
          >
            notFound:description
          </h3>
          <div
            class="StyledBox__StyledBoxGap-sc-13pk1d4-1 eaIbGj"
          />
          <div
            class="StyledBox-sc-13pk1d4-0 daweyS"
          >
            <a
              href="/home"
            >
              <button
                class="StyledButton-sc-323bzc-0 eVPMSD"
                type="button"
              >
                notFound:buttonLabel
              </button>
            </a>
          </div>
        </div>
      </div>
    </main>
  </div>,
  "debug": [Function],
  "findAllByAltText": [Function],
  "findAllByDisplayValue": [Function],
  "findAllByLabelText": [Function],
  "findAllByPlaceholderText": [Function],
  "findAllByRole": [Function],
  "findAllByTestId": [Function],
  "findAllByText": [Function],
  "findAllByTitle": [Function],
  "findByAltText": [Function],
  "findByDisplayValue": [Function],
  "findByLabelText": [Function],
  "findByPlaceholderText": [Function],
  "findByRole": [Function],
  "findByTestId": [Function],
  "findByText": [Function],
  "findByTitle": [Function],
  "getAllByAltText": [Function],
  "getAllByDisplayValue": [Function],
  "getAllByLabelText": [Function],
  "getAllByPlaceholderText": [Function],
  "getAllByRole": [Function],
  "getAllByTestId": [Function],
  "getAllByText": [Function],
  "getAllByTitle": [Function],
  "getByAltText": [Function],
  "getByDisplayValue": [Function],
  "getByLabelText": [Function],
  "getByPlaceholderText": [Function],
  "getByRole": [Function],
  "getByTestId": [Function],
  "getByText": [Function],
  "getByTitle": [Function],
  "queryAllByAltText": [Function],
  "queryAllByDisplayValue": [Function],
  "queryAllByLabelText": [Function],
  "queryAllByPlaceholderText": [Function],
  "queryAllByRole": [Function],
  "queryAllByTestId": [Function],
  "queryAllByText": [Function],
  "queryAllByTitle": [Function],
  "queryByAltText": [Function],
  "queryByDisplayValue": [Function],
  "queryByLabelText": [Function],
  "queryByPlaceholderText": [Function],
  "queryByRole": [Function],
  "queryByTestId": [Function],
  "queryByText": [Function],
  "queryByTitle": [Function],
  "rerender": [Function],
  "unmount": [Function],
}
`;
