// Jest Snapshot v1, https://goo.gl/fbAQLP

exports[`matches snapshot 1`] = `
Object {
  "asFragment": [Function],
  "baseElement": <body>
    <div>
      <div
        class="StyledBox-sc-13pk1d4-0 gZKbno"
        style="display: none;"
      >
        <h1
          class="StyledHeading-sc-1rdh4aw-0 bbAUcq"
        >
          joinUs:title
        </h1>
        <p
          class="StyledParagraph-tbetod-0 gtrjSe"
        >
          joinUs:primarySummary
        </p>
        <p
          class="StyledParagraph-tbetod-0 eBvfAm"
        >
          joinUs:secondarySummary
        </p>
        <div
          class="StyledBox-sc-13pk1d4-0 gAsOLC"
        >
          <span
            style="font-size: 128px;"
          >
            <span
              class="undefined"
            >
              <img
                alt="ðŸ˜‰"
                src="http://cdn.jsdelivr.net/emojione/assets/4.0/png/128/1f609.png"
                style="width: 1em; height: 1em; margin: 0px .05em 0px .1em; vertical-align: -0.1em;"
              />
            </span>
          </span>
        </div>
      </div>
      <div
        aria-busy="true"
        class=""
      >
        <svg
          aria-label="audio-loading"
          height="80"
          version="1.1"
          width="80"
          x="0px"
          xmlns="http://www.w3.org/2000/svg"
          y="0px"
        >
          <circle
            cx="50"
            cy="50"
            fill="none"
            r="44"
            stroke="green"
            stroke-width="4"
            style="opacity: 0.5;"
          />
          <circle
            cx="8"
            cy="54"
            fill="green"
            r="6"
            stroke="green"
            stroke-width="3"
          >
            <animatetransform
              attributeName="transform"
              dur="2s"
              from="0 50 48"
              repeatCount="indefinite"
              to="360 50 52"
              type="rotate"
            />
          </circle>
        </svg>
      </div>
    </div>
  </body>,
  "container": <div>
    <div
      class="StyledBox-sc-13pk1d4-0 gZKbno"
      style="display: none;"
    >
      <h1
        class="StyledHeading-sc-1rdh4aw-0 bbAUcq"
      >
        joinUs:title
      </h1>
      <p
        class="StyledParagraph-tbetod-0 gtrjSe"
      >
        joinUs:primarySummary
      </p>
      <p
        class="StyledParagraph-tbetod-0 eBvfAm"
      >
        joinUs:secondarySummary
      </p>
      <div
        class="StyledBox-sc-13pk1d4-0 gAsOLC"
      >
        <span
          style="font-size: 128px;"
        >
          <span
            class="undefined"
          >
            <img
              alt="ðŸ˜‰"
              src="http://cdn.jsdelivr.net/emojione/assets/4.0/png/128/1f609.png"
              style="width: 1em; height: 1em; margin: 0px .05em 0px .1em; vertical-align: -0.1em;"
            />
          </span>
        </span>
      </div>
    </div>
    <div
      aria-busy="true"
      class=""
    >
      <svg
        aria-label="audio-loading"
        height="80"
        version="1.1"
        width="80"
        x="0px"
        xmlns="http://www.w3.org/2000/svg"
        y="0px"
      >
        <circle
          cx="50"
          cy="50"
          fill="none"
          r="44"
          stroke="green"
          stroke-width="4"
          style="opacity: 0.5;"
        />
        <circle
          cx="8"
          cy="54"
          fill="green"
          r="6"
          stroke="green"
          stroke-width="3"
        >
          <animatetransform
            attributeName="transform"
            dur="2s"
            from="0 50 48"
            repeatCount="indefinite"
            to="360 50 52"
            type="rotate"
          />
        </circle>
      </svg>
    </div>
  </div>,
  "debug": [Function],
  "findAllByAltText": [Function],
  "findAllByDisplayValue": [Function],
  "findAllByLabelText": [Function],
  "findAllByPlaceholderText": [Function],
  "findAllByRole": [Function],
  "findAllByTestId": [Function],
  "findAllByText": [Function],
  "findAllByTitle": [Function],
  "findByAltText": [Function],
  "findByDisplayValue": [Function],
  "findByLabelText": [Function],
  "findByPlaceholderText": [Function],
  "findByRole": [Function],
  "findByTestId": [Function],
  "findByText": [Function],
  "findByTitle": [Function],
  "getAllByAltText": [Function],
  "getAllByDisplayValue": [Function],
  "getAllByLabelText": [Function],
  "getAllByPlaceholderText": [Function],
  "getAllByRole": [Function],
  "getAllByTestId": [Function],
  "getAllByText": [Function],
  "getAllByTitle": [Function],
  "getByAltText": [Function],
  "getByDisplayValue": [Function],
  "getByLabelText": [Function],
  "getByPlaceholderText": [Function],
  "getByRole": [Function],
  "getByTestId": [Function],
  "getByText": [Function],
  "getByTitle": [Function],
  "queryAllByAltText": [Function],
  "queryAllByDisplayValue": [Function],
  "queryAllByLabelText": [Function],
  "queryAllByPlaceholderText": [Function],
  "queryAllByRole": [Function],
  "queryAllByTestId": [Function],
  "queryAllByText": [Function],
  "queryAllByTitle": [Function],
  "queryByAltText": [Function],
  "queryByDisplayValue": [Function],
  "queryByLabelText": [Function],
  "queryByPlaceholderText": [Function],
  "queryByRole": [Function],
  "queryByTestId": [Function],
  "queryByText": [Function],
  "queryByTitle": [Function],
  "rerender": [Function],
  "unmount": [Function],
}
`;
