// Jest Snapshot v1, https://goo.gl/fbAQLP

exports[`matches snapshot 1`] = `
Object {
  "asFragment": [Function],
  "baseElement": <body>
    <div>
      <div
        class="sc-bdnylx kMwTOS"
      >
        <button
          class="ant-btn ant-btn-primary"
          type="button"
        >
          <span
            aria-label="google-circle"
            class="anticon anticon-google-circle"
            role="img"
          >
            <svg
              aria-hidden="true"
              class=""
              data-icon="google-circle"
              fill="currentColor"
              focusable="false"
              height="1em"
              viewBox="64 64 896 896"
              width="1em"
            >
              <path
                d="M512 64C264.6 64 64 264.6 64 512s200.6 448 448 448 448-200.6 448-448S759.4 64 512 64zm167 633.6C638.4 735 583 757 516.9 757c-95.7 0-178.5-54.9-218.8-134.9C281.5 589 272 551.6 272 512s9.5-77 26.1-110.1c40.3-80.1 123.1-135 218.8-135 66 0 121.4 24.3 163.9 63.8L610.6 401c-25.4-24.3-57.7-36.6-93.6-36.6-63.8 0-117.8 43.1-137.1 101-4.9 14.7-7.7 30.4-7.7 46.6s2.8 31.9 7.7 46.6c19.3 57.9 73.3 101 137 101 33 0 61-8.7 82.9-23.4 26-17.4 43.2-43.3 48.9-74H516.9v-94.8h230.7c2.9 16.1 4.4 32.8 4.4 50.1 0 74.7-26.7 137.4-73 180.1z"
              />
            </svg>
          </span>
          <span>
            Google
          </span>
        </button>
      </div>
    </div>
  </body>,
  "container": <div>
    <div
      class="sc-bdnylx kMwTOS"
    >
      <button
        class="ant-btn ant-btn-primary"
        type="button"
      >
        <span
          aria-label="google-circle"
          class="anticon anticon-google-circle"
          role="img"
        >
          <svg
            aria-hidden="true"
            class=""
            data-icon="google-circle"
            fill="currentColor"
            focusable="false"
            height="1em"
            viewBox="64 64 896 896"
            width="1em"
          >
            <path
              d="M512 64C264.6 64 64 264.6 64 512s200.6 448 448 448 448-200.6 448-448S759.4 64 512 64zm167 633.6C638.4 735 583 757 516.9 757c-95.7 0-178.5-54.9-218.8-134.9C281.5 589 272 551.6 272 512s9.5-77 26.1-110.1c40.3-80.1 123.1-135 218.8-135 66 0 121.4 24.3 163.9 63.8L610.6 401c-25.4-24.3-57.7-36.6-93.6-36.6-63.8 0-117.8 43.1-137.1 101-4.9 14.7-7.7 30.4-7.7 46.6s2.8 31.9 7.7 46.6c19.3 57.9 73.3 101 137 101 33 0 61-8.7 82.9-23.4 26-17.4 43.2-43.3 48.9-74H516.9v-94.8h230.7c2.9 16.1 4.4 32.8 4.4 50.1 0 74.7-26.7 137.4-73 180.1z"
            />
          </svg>
        </span>
        <span>
          Google
        </span>
      </button>
    </div>
  </div>,
  "debug": [Function],
  "findAllByAltText": [Function],
  "findAllByDisplayValue": [Function],
  "findAllByLabelText": [Function],
  "findAllByPlaceholderText": [Function],
  "findAllByRole": [Function],
  "findAllByTestId": [Function],
  "findAllByText": [Function],
  "findAllByTitle": [Function],
  "findByAltText": [Function],
  "findByDisplayValue": [Function],
  "findByLabelText": [Function],
  "findByPlaceholderText": [Function],
  "findByRole": [Function],
  "findByTestId": [Function],
  "findByText": [Function],
  "findByTitle": [Function],
  "getAllByAltText": [Function],
  "getAllByDisplayValue": [Function],
  "getAllByLabelText": [Function],
  "getAllByPlaceholderText": [Function],
  "getAllByRole": [Function],
  "getAllByTestId": [Function],
  "getAllByText": [Function],
  "getAllByTitle": [Function],
  "getByAltText": [Function],
  "getByDisplayValue": [Function],
  "getByLabelText": [Function],
  "getByPlaceholderText": [Function],
  "getByRole": [Function],
  "getByTestId": [Function],
  "getByText": [Function],
  "getByTitle": [Function],
  "queryAllByAltText": [Function],
  "queryAllByDisplayValue": [Function],
  "queryAllByLabelText": [Function],
  "queryAllByPlaceholderText": [Function],
  "queryAllByRole": [Function],
  "queryAllByTestId": [Function],
  "queryAllByText": [Function],
  "queryAllByTitle": [Function],
  "queryByAltText": [Function],
  "queryByDisplayValue": [Function],
  "queryByLabelText": [Function],
  "queryByPlaceholderText": [Function],
  "queryByRole": [Function],
  "queryByTestId": [Function],
  "queryByText": [Function],
  "queryByTitle": [Function],
  "rerender": [Function],
  "unmount": [Function],
}
`;
