// Jest Snapshot v1, https://goo.gl/fbAQLP

exports[`matches snapshot 1`] = `
Object {
  "asFragment": [Function],
  "baseElement": <body>
    <div>
      <div
        class="StyledBox-sc-13pk1d4-0 gdpmPp"
      >
        <a
          class="StyledAnchor-sc-1rp7lwl-0 eLKqZF"
          href="/"
        >
          <span
            class="StyledBox-sc-13pk1d4-0 dfYOnT"
            style="display: inline-flex;"
          >
            <div
              class="StyledStack-ajspsk-0 fDjhAR"
            >
              <div
                class="StyledStack__StyledStackLayer-ajspsk-1 jeVJjk"
              >
                <div
                  class="StyledBox-sc-13pk1d4-0 eLDbjY"
                />
              </div>
              <div
                class="StyledStack__StyledStackLayer-ajspsk-1 bnpxHo"
              >
                <div
                  class="StyledBox-sc-13pk1d4-0 dGGBRs"
                >
                  <img
                    alt="logo:accessibilityLabel"
                    src="logo.svg"
                  />
                </div>
              </div>
            </div>
            <span
              class="StyledBox__StyledBoxGap-sc-13pk1d4-1 hjorfk"
            />
            <span
              class="StyledText-sc-1sadyjn-0 eLOxHb"
            >
              navHeader:brandName
            </span>
          </span>
        </a>
      </div>
    </div>
  </body>,
  "container": <div>
    <div
      class="StyledBox-sc-13pk1d4-0 gdpmPp"
    >
      <a
        class="StyledAnchor-sc-1rp7lwl-0 eLKqZF"
        href="/"
      >
        <span
          class="StyledBox-sc-13pk1d4-0 dfYOnT"
          style="display: inline-flex;"
        >
          <div
            class="StyledStack-ajspsk-0 fDjhAR"
          >
            <div
              class="StyledStack__StyledStackLayer-ajspsk-1 jeVJjk"
            >
              <div
                class="StyledBox-sc-13pk1d4-0 eLDbjY"
              />
            </div>
            <div
              class="StyledStack__StyledStackLayer-ajspsk-1 bnpxHo"
            >
              <div
                class="StyledBox-sc-13pk1d4-0 dGGBRs"
              >
                <img
                  alt="logo:accessibilityLabel"
                  src="logo.svg"
                />
              </div>
            </div>
          </div>
          <span
            class="StyledBox__StyledBoxGap-sc-13pk1d4-1 hjorfk"
          />
          <span
            class="StyledText-sc-1sadyjn-0 eLOxHb"
          >
            navHeader:brandName
          </span>
        </span>
      </a>
    </div>
  </div>,
  "debug": [Function],
  "findAllByAltText": [Function],
  "findAllByDisplayValue": [Function],
  "findAllByLabelText": [Function],
  "findAllByPlaceholderText": [Function],
  "findAllByRole": [Function],
  "findAllByTestId": [Function],
  "findAllByText": [Function],
  "findAllByTitle": [Function],
  "findByAltText": [Function],
  "findByDisplayValue": [Function],
  "findByLabelText": [Function],
  "findByPlaceholderText": [Function],
  "findByRole": [Function],
  "findByTestId": [Function],
  "findByText": [Function],
  "findByTitle": [Function],
  "getAllByAltText": [Function],
  "getAllByDisplayValue": [Function],
  "getAllByLabelText": [Function],
  "getAllByPlaceholderText": [Function],
  "getAllByRole": [Function],
  "getAllByTestId": [Function],
  "getAllByText": [Function],
  "getAllByTitle": [Function],
  "getByAltText": [Function],
  "getByDisplayValue": [Function],
  "getByLabelText": [Function],
  "getByPlaceholderText": [Function],
  "getByRole": [Function],
  "getByTestId": [Function],
  "getByText": [Function],
  "getByTitle": [Function],
  "queryAllByAltText": [Function],
  "queryAllByDisplayValue": [Function],
  "queryAllByLabelText": [Function],
  "queryAllByPlaceholderText": [Function],
  "queryAllByRole": [Function],
  "queryAllByTestId": [Function],
  "queryAllByText": [Function],
  "queryAllByTitle": [Function],
  "queryByAltText": [Function],
  "queryByDisplayValue": [Function],
  "queryByLabelText": [Function],
  "queryByPlaceholderText": [Function],
  "queryByRole": [Function],
  "queryByTestId": [Function],
  "queryByText": [Function],
  "queryByTitle": [Function],
  "rerender": [Function],
  "unmount": [Function],
}
`;
