// Jest Snapshot v1, https://goo.gl/fbAQLP

exports[`matches snapshot 1`] = `
Object {
  "asFragment": [Function],
  "baseElement": <body>
    <div>
      <section
        class="ant-layout"
        style="height: 100%;"
      >
        <main
          class="ant-layout-content"
        >
          <div
            class="sc-bdnylx kMwTOS"
          >
            <div
              class="ant-row ant-row-space-around ant-row-middle main-row"
            >
              <div
                class="ant-col ant-col-xs-16 ant-col-sm-16 ant-col-md-16 ant-col-lg-12 ant-col-xl-12"
              >
                <div
                  class="sc-bdnylx kMwTOS"
                >
                  <img
                    alt="logo"
                    class="logo"
                    src="logo.svg"
                  />
                </div>
              </div>
              <div
                class="ant-col ant-col-xs-16 ant-col-sm-16 ant-col-md-16 ant-col-lg-12 ant-col-xl-12"
              />
            </div>
          </div>
        </main>
      </section>
    </div>
  </body>,
  "container": <div>
    <section
      class="ant-layout"
      style="height: 100%;"
    >
      <main
        class="ant-layout-content"
      >
        <div
          class="sc-bdnylx kMwTOS"
        >
          <div
            class="ant-row ant-row-space-around ant-row-middle main-row"
          >
            <div
              class="ant-col ant-col-xs-16 ant-col-sm-16 ant-col-md-16 ant-col-lg-12 ant-col-xl-12"
            >
              <div
                class="sc-bdnylx kMwTOS"
              >
                <img
                  alt="logo"
                  class="logo"
                  src="logo.svg"
                />
              </div>
            </div>
            <div
              class="ant-col ant-col-xs-16 ant-col-sm-16 ant-col-md-16 ant-col-lg-12 ant-col-xl-12"
            />
          </div>
        </div>
      </main>
    </section>
  </div>,
  "debug": [Function],
  "findAllByAltText": [Function],
  "findAllByDisplayValue": [Function],
  "findAllByLabelText": [Function],
  "findAllByPlaceholderText": [Function],
  "findAllByRole": [Function],
  "findAllByTestId": [Function],
  "findAllByText": [Function],
  "findAllByTitle": [Function],
  "findByAltText": [Function],
  "findByDisplayValue": [Function],
  "findByLabelText": [Function],
  "findByPlaceholderText": [Function],
  "findByRole": [Function],
  "findByTestId": [Function],
  "findByText": [Function],
  "findByTitle": [Function],
  "getAllByAltText": [Function],
  "getAllByDisplayValue": [Function],
  "getAllByLabelText": [Function],
  "getAllByPlaceholderText": [Function],
  "getAllByRole": [Function],
  "getAllByTestId": [Function],
  "getAllByText": [Function],
  "getAllByTitle": [Function],
  "getByAltText": [Function],
  "getByDisplayValue": [Function],
  "getByLabelText": [Function],
  "getByPlaceholderText": [Function],
  "getByRole": [Function],
  "getByTestId": [Function],
  "getByText": [Function],
  "getByTitle": [Function],
  "queryAllByAltText": [Function],
  "queryAllByDisplayValue": [Function],
  "queryAllByLabelText": [Function],
  "queryAllByPlaceholderText": [Function],
  "queryAllByRole": [Function],
  "queryAllByTestId": [Function],
  "queryAllByText": [Function],
  "queryAllByTitle": [Function],
  "queryByAltText": [Function],
  "queryByDisplayValue": [Function],
  "queryByLabelText": [Function],
  "queryByPlaceholderText": [Function],
  "queryByRole": [Function],
  "queryByTestId": [Function],
  "queryByText": [Function],
  "queryByTitle": [Function],
  "rerender": [Function],
  "unmount": [Function],
}
`;
